#
# There is insufficient memory for the Java Runtime Environment to continue.
# Native memory allocation (malloc) failed to allocate 589792 bytes. Error detail: Chunk::new
# Possible reasons:
#   The system is out of physical RAM or swap space
#   This process is running with CompressedOops enabled, and the Java Heap may be blocking the growth of the native heap
# Possible solutions:
#   Reduce memory load on the system
#   Increase physical memory or swap space
#   Check if swap backing store is full
#   Decrease Java heap size (-Xmx/-Xms)
#   Decrease number of Java threads
#   Decrease Java thread stack sizes (-Xss)
#   Set larger code cache with -XX:ReservedCodeCacheSize=
#   JVM is running with Unscaled Compressed Oops mode in which the Java heap is
#     placed in the first 4GB address space. The Java Heap base address is the
#     maximum limit for the native heap growth. Please use -XX:HeapBaseMinAddress
#     to set the Java Heap base and to place the Java Heap above 4GB virtual address.
# This output file may be truncated or incomplete.
#
#  Out of Memory Error (arena.cpp:168), pid=25208, tid=30520
#
# JRE version: OpenJDK Runtime Environment Temurin-21.0.6+7 (21.0.6+7) (build 21.0.6+7-LTS)
# Java VM: OpenJDK 64-Bit Server VM Temurin-21.0.6+7 (21.0.6+7-LTS, mixed mode, sharing, tiered, compressed oops, compressed class ptrs, parallel gc, windows-amd64)
# No core dump will be written. Minidumps are not enabled by default on client versions of Windows
#

---------------  S U M M A R Y ------------

Command Line: --add-modules=ALL-SYSTEM --add-opens=java.base/java.util=ALL-UNNAMED --add-opens=java.base/java.lang=ALL-UNNAMED --add-opens=java.base/sun.nio.fs=ALL-UNNAMED -Declipse.application=org.eclipse.jdt.ls.core.id1 -Dosgi.bundles.defaultStartLevel=4 -Declipse.product=org.eclipse.jdt.ls.core.product -Djava.import.generatesMetadataFilesAtProjectRoot=false -DDetectVMInstallationsJob.disabled=true -Dfile.encoding=utf8 -XX:+UseParallelGC -XX:GCTimeRatio=4 -XX:AdaptiveSizePolicyWeight=90 -Dsun.zip.disableMemoryMapping=true -Xmx1G -Xms100m -Xlog:disable -javaagent:c:\Users\Jhoanne\.vscode\extensions\redhat.java-1.41.1-win32-x64\lombok\lombok-1.18.36.jar c:\Users\Jhoanne\.vscode\extensions\redhat.java-1.41.1-win32-x64\server\plugins\org.eclipse.equinox.launcher_1.7.0.v20250331-1702.jar -configuration c:\Users\Jhoanne\AppData\Roaming\Code\User\globalStorage\redhat.java\1.41.1\config_ss_win -data c:\Users\Jhoanne\AppData\Roaming\Code\User\workspaceStorage\130d2053282fd5c95d8f30e3e6379bdb\redhat.java\ss_ws --pipe=\\.\pipe\lsp-ed0d70860d4c53f152f2768185b7063b-sock

Host: 11th Gen Intel(R) Core(TM) i5-1135G7 @ 2.40GHz, 8 cores, 7G,  Windows 11 , 64 bit Build 22621 (10.0.22621.5124)
Time: Sat May  3 14:32:41 2025 Malay Peninsula Standard Time elapsed time: 1.784198 seconds (0d 0h 0m 1s)

---------------  T H R E A D  ---------------

Current thread (0x0000017e651cf2d0):  JavaThread "C2 CompilerThread0" daemon [_thread_in_native, id=30520, stack(0x00000016e4c00000,0x00000016e4d00000) (1024K)]


Current CompileTask:
C2:1784  980   !   4       java.util.jar.Attributes::read (494 bytes)

Stack: [0x00000016e4c00000,0x00000016e4d00000]
Native frames: (J=compiled Java code, j=interpreted, Vv=VM code, C=native code)
V  [jvm.dll+0x6cdee9]
V  [jvm.dll+0x8a83d1]
V  [jvm.dll+0x8aa8fe]
V  [jvm.dll+0x8aafe3]
V  [jvm.dll+0x27f706]
V  [jvm.dll+0xc500d]
V  [jvm.dll+0xc5543]
V  [jvm.dll+0x3b678c]
V  [jvm.dll+0x382935]
V  [jvm.dll+0x381d9a]
V  [jvm.dll+0x2479f0]
V  [jvm.dll+0x246fcf]
V  [jvm.dll+0x1c75ee]
V  [jvm.dll+0x25685a]
V  [jvm.dll+0x254dfa]
V  [jvm.dll+0x3f0256]
V  [jvm.dll+0x851f8b]
V  [jvm.dll+0x6cc5ed]
C  [ucrtbase.dll+0x29333]
C  [KERNEL32.DLL+0x1259d]
C  [ntdll.dll+0x5af38]


---------------  P R O C E S S  ---------------

Threads class SMR info:
_java_thread_list=0x0000017e66d7ebc0, length=11, elements={
0x0000017e0fc5dca0, 0x0000017e651bfb60, 0x0000017e651c1360, 0x0000017e651c63f0,
0x0000017e651c7300, 0x0000017e651c8210, 0x0000017e651cc080, 0x0000017e651cf2d0,
0x0000017e651f5e90, 0x0000017e66b2f510, 0x0000017e66d7b9f0
}

Java Threads: ( => current thread )
  0x0000017e0fc5dca0 JavaThread "main"                              [_thread_in_vm, id=7240, stack(0x00000016e4200000,0x00000016e4300000) (1024K)]
  0x0000017e651bfb60 JavaThread "Reference Handler"          daemon [_thread_blocked, id=23900, stack(0x00000016e4600000,0x00000016e4700000) (1024K)]
  0x0000017e651c1360 JavaThread "Finalizer"                  daemon [_thread_blocked, id=8896, stack(0x00000016e4700000,0x00000016e4800000) (1024K)]
  0x0000017e651c63f0 JavaThread "Signal Dispatcher"          daemon [_thread_blocked, id=20256, stack(0x00000016e4800000,0x00000016e4900000) (1024K)]
  0x0000017e651c7300 JavaThread "Attach Listener"            daemon [_thread_blocked, id=23820, stack(0x00000016e4900000,0x00000016e4a00000) (1024K)]
  0x0000017e651c8210 JavaThread "Service Thread"             daemon [_thread_blocked, id=29480, stack(0x00000016e4a00000,0x00000016e4b00000) (1024K)]
  0x0000017e651cc080 JavaThread "Monitor Deflation Thread"   daemon [_thread_blocked, id=1248, stack(0x00000016e4b00000,0x00000016e4c00000) (1024K)]
=>0x0000017e651cf2d0 JavaThread "C2 CompilerThread0"         daemon [_thread_in_native, id=30520, stack(0x00000016e4c00000,0x00000016e4d00000) (1024K)]
  0x0000017e651f5e90 JavaThread "C1 CompilerThread0"         daemon [_thread_blocked, id=12344, stack(0x00000016e4d00000,0x00000016e4e00000) (1024K)]
  0x0000017e66b2f510 JavaThread "Common-Cleaner"             daemon [_thread_blocked, id=27916, stack(0x00000016e4e00000,0x00000016e4f00000) (1024K)]
  0x0000017e66d7b9f0 JavaThread "Notification Thread"        daemon [_thread_blocked, id=21696, stack(0x00000016e4f00000,0x00000016e5000000) (1024K)]
Total: 11

Other Threads:
  0x0000017e0fd1eb40 VMThread "VM Thread"                           [id=25320, stack(0x00000016e4500000,0x00000016e4600000) (1024K)]
  0x0000017e650dc950 WatcherThread "VM Periodic Task Thread"        [id=20568, stack(0x00000016e4400000,0x00000016e4500000) (1024K)]
  0x0000017e0fc7cfd0 WorkerThread "GC Thread#0"                     [id=17204, stack(0x00000016e4300000,0x00000016e4400000) (1024K)]
Total: 3

Threads with active compile tasks:
C2 CompilerThread0  1828  980   !   4       java.util.jar.Attributes::read (494 bytes)
Total: 1

VM state: not at safepoint (normal execution)

VM Mutex/Monitor currently owned by a thread: None

Heap address: 0x00000000c0000000, size: 1024 MB, Compressed Oops mode: 32-bit

CDS archive(s) mapped at: [0x0000017e24000000-0x0000017e24ba0000-0x0000017e24ba0000), size 12189696, SharedBaseAddress: 0x0000017e24000000, ArchiveRelocationMode: 1.
Compressed class space mapped at: 0x0000017e25000000-0x0000017e65000000, reserved size: 1073741824
Narrow klass base: 0x0000017e24000000, Narrow klass shift: 0, Narrow klass range: 0x100000000

GC Precious Log:
 CardTable entry size: 512
 CPUs: 8 total, 8 available
 Memory: 7991M
 Large Page Support: Disabled
 NUMA Support: Disabled
 Compressed Oops: Enabled (32-bit)
 Alignments: Space 512K, Generation 512K, Heap 2M
 Heap Min Capacity: 100M
 Heap Initial Capacity: 100M
 Heap Max Capacity: 1G
 Pre-touch: Disabled
 Parallel Workers: 8

Heap:
 PSYoungGen      total 29696K, used 24443K [0x00000000eab00000, 0x00000000ecc00000, 0x0000000100000000)
  eden space 25600K, 95% used [0x00000000eab00000,0x00000000ec2def18,0x00000000ec400000)
  from space 4096K, 0% used [0x00000000ec800000,0x00000000ec800000,0x00000000ecc00000)
  to   space 4096K, 0% used [0x00000000ec400000,0x00000000ec400000,0x00000000ec800000)
 ParOldGen       total 68608K, used 0K [0x00000000c0000000, 0x00000000c4300000, 0x00000000eab00000)
  object space 68608K, 0% used [0x00000000c0000000,0x00000000c0000000,0x00000000c4300000)
 Metaspace       used 4035K, committed 4288K, reserved 1114112K
  class space    used 406K, committed 512K, reserved 1048576K

Card table byte_map: [0x0000017e0f610000,0x0000017e0f820000] _byte_map_base: 0x0000017e0f010000

Marking Bits: (ParMarkBitMap*) 0x00007ff95aa63260
 Begin Bits: [0x0000017e21e50000, 0x0000017e22e50000)
 End Bits:   [0x0000017e22e50000, 0x0000017e23e50000)

Polling page: 0x0000017e0dc50000

Metaspace:

Usage:
  Non-class:      3.54 MB used.
      Class:    406.23 KB used.
       Both:      3.94 MB used.

Virtual space:
  Non-class space:       64.00 MB reserved,       3.69 MB (  6%) committed,  1 nodes.
      Class space:        1.00 GB reserved,     512.00 KB ( <1%) committed,  1 nodes.
             Both:        1.06 GB reserved,       4.19 MB ( <1%) committed. 

Chunk freelists:
   Non-Class:  11.20 MB
       Class:  15.48 MB
        Both:  26.68 MB

MaxMetaspaceSize: unlimited
CompressedClassSpaceSize: 1.00 GB
Initial GC threshold: 21.00 MB
Current GC threshold: 21.00 MB
CDS: on
 - commit_granule_bytes: 65536.
 - commit_granule_words: 8192.
 - virtual_space_node_default_size: 8388608.
 - enlarge_chunks_in_place: 1.
 - use_allocation_guard: 0.


Internal statistics:

num_allocs_failed_limit: 0.
num_arena_births: 146.
num_arena_deaths: 0.
num_vsnodes_births: 2.
num_vsnodes_deaths: 0.
num_space_committed: 67.
num_space_uncommitted: 0.
num_chunks_returned_to_freelist: 0.
num_chunks_taken_from_freelist: 206.
num_chunk_merges: 0.
num_chunk_splits: 131.
num_chunks_enlarged: 73.
num_inconsistent_stats: 0.

CodeHeap 'non-profiled nmethods': size=120000Kb used=365Kb max_used=365Kb free=119635Kb
 bounds [0x0000017e1a920000, 0x0000017e1ab90000, 0x0000017e21e50000]
CodeHeap 'profiled nmethods': size=120000Kb used=1646Kb max_used=1646Kb free=118353Kb
 bounds [0x0000017e12e50000, 0x0000017e130c0000, 0x0000017e1a380000]
CodeHeap 'non-nmethods': size=5760Kb used=1203Kb max_used=1217Kb free=4556Kb
 bounds [0x0000017e1a380000, 0x0000017e1a5f0000, 0x0000017e1a920000]
 total_blobs=1464 nmethods=1011 adapters=360
 compilation: enabled
              stopped_count=0, restarted_count=0
 full_count=0

Compilation events (20 events):
Event: 1.730 Thread 0x0000017e651cf2d0 nmethod 978 0x0000017e1a979810 code [0x0000017e1a9799e0, 0x0000017e1a97a0e0]
Event: 1.730 Thread 0x0000017e651f5e90  995       3       java.util.jar.Attributes::<init> (17 bytes)
Event: 1.730 Thread 0x0000017e651cf2d0  980   !   4       java.util.jar.Attributes::read (494 bytes)
Event: 1.731 Thread 0x0000017e651f5e90 nmethod 995 0x0000017e12fe3890 code [0x0000017e12fe3a60, 0x0000017e12fe3e30]
Event: 1.759 Thread 0x0000017e651f5e90  998       3       jdk.internal.util.ArraysSupport::vectorizedMismatch (268 bytes)
Event: 1.760 Thread 0x0000017e651f5e90 nmethod 998 0x0000017e12fe4010 code [0x0000017e12fe4200, 0x0000017e12fe4630]
Event: 1.762 Thread 0x0000017e651f5e90  999       3       sun.security.util.DerOutputStream::<init> (5 bytes)
Event: 1.763 Thread 0x0000017e651f5e90 nmethod 999 0x0000017e12fe4790 code [0x0000017e12fe4940, 0x0000017e12fe4ae0]
Event: 1.763 Thread 0x0000017e651f5e90 1000       3       java.util.ArrayList::toArray (57 bytes)
Event: 1.763 Thread 0x0000017e651f5e90 nmethod 1000 0x0000017e12fe4b90 code [0x0000017e12fe4d80, 0x0000017e12fe52a8]
Event: 1.763 Thread 0x0000017e651f5e90 1001       3       java.util.Arrays::hashCode (60 bytes)
Event: 1.763 Thread 0x0000017e651f5e90 nmethod 1001 0x0000017e12fe5410 code [0x0000017e12fe55e0, 0x0000017e12fe5868]
Event: 1.766 Thread 0x0000017e651f5e90 1003       3       sun.security.provider.DigestBase::implCompressMultiBlock0 (23 bytes)
Event: 1.766 Thread 0x0000017e651f5e90 nmethod 1003 0x0000017e12fe5990 code [0x0000017e12fe5b40, 0x0000017e12fe5de8]
Event: 1.768 Thread 0x0000017e651f5e90 1004       3       java.math.BigInteger::montReduce (99 bytes)
Event: 1.769 Thread 0x0000017e651f5e90 nmethod 1004 0x0000017e12fe5f10 code [0x0000017e12fe6120, 0x0000017e12fe65d0]
Event: 1.777 Thread 0x0000017e651f5e90 1005       3       java.util.regex.ASCII::toLower (16 bytes)
Event: 1.777 Thread 0x0000017e651f5e90 nmethod 1005 0x0000017e12fe6810 code [0x0000017e12fe69c0, 0x0000017e12fe6bb0]
Event: 1.777 Thread 0x0000017e651f5e90 1006       3       java.util.regex.ASCII::isUpper (18 bytes)
Event: 1.777 Thread 0x0000017e651f5e90 nmethod 1006 0x0000017e12fe6c90 code [0x0000017e12fe6e20, 0x0000017e12fe6f70]

GC Heap History (0 events):
No events

Dll operation events (8 events):
Event: 0.093 Loaded shared library c:\Users\Jhoanne\.vscode\extensions\redhat.java-1.41.1-win32-x64\jre\21.0.6-win32-x86_64\bin\java.dll
Event: 0.226 Loaded shared library c:\Users\Jhoanne\.vscode\extensions\redhat.java-1.41.1-win32-x64\jre\21.0.6-win32-x86_64\bin\zip.dll
Event: 0.261 Loaded shared library C:\Users\Jhoanne\.vscode\extensions\redhat.java-1.41.1-win32-x64\jre\21.0.6-win32-x86_64\bin\instrument.dll
Event: 0.268 Loaded shared library C:\Users\Jhoanne\.vscode\extensions\redhat.java-1.41.1-win32-x64\jre\21.0.6-win32-x86_64\bin\net.dll
Event: 0.271 Loaded shared library C:\Users\Jhoanne\.vscode\extensions\redhat.java-1.41.1-win32-x64\jre\21.0.6-win32-x86_64\bin\nio.dll
Event: 0.276 Loaded shared library C:\Users\Jhoanne\.vscode\extensions\redhat.java-1.41.1-win32-x64\jre\21.0.6-win32-x86_64\bin\zip.dll
Event: 0.315 Loaded shared library C:\Users\Jhoanne\.vscode\extensions\redhat.java-1.41.1-win32-x64\jre\21.0.6-win32-x86_64\bin\jimage.dll
Event: 0.524 Loaded shared library c:\Users\Jhoanne\.vscode\extensions\redhat.java-1.41.1-win32-x64\jre\21.0.6-win32-x86_64\bin\verify.dll

Deoptimization events (20 events):
Event: 1.734 Thread 0x0000017e0fc5dca0 DEOPT PACKING pc=0x0000017e12fb3931 sp=0x00000016e42fe290
Event: 1.734 Thread 0x0000017e0fc5dca0 DEOPT UNPACKING pc=0x0000017e1a3d78e2 sp=0x00000016e42fd708 mode 0
Event: 1.734 Thread 0x0000017e0fc5dca0 DEOPT PACKING pc=0x0000017e12fb3931 sp=0x00000016e42fe290
Event: 1.734 Thread 0x0000017e0fc5dca0 DEOPT UNPACKING pc=0x0000017e1a3d78e2 sp=0x00000016e42fd708 mode 0
Event: 1.734 Thread 0x0000017e0fc5dca0 DEOPT PACKING pc=0x0000017e12fb3931 sp=0x00000016e42fe290
Event: 1.734 Thread 0x0000017e0fc5dca0 DEOPT UNPACKING pc=0x0000017e1a3d78e2 sp=0x00000016e42fd708 mode 0
Event: 1.734 Thread 0x0000017e0fc5dca0 DEOPT PACKING pc=0x0000017e12fb3931 sp=0x00000016e42fe290
Event: 1.734 Thread 0x0000017e0fc5dca0 DEOPT UNPACKING pc=0x0000017e1a3d78e2 sp=0x00000016e42fd708 mode 0
Event: 1.734 Thread 0x0000017e0fc5dca0 DEOPT PACKING pc=0x0000017e12fb3931 sp=0x00000016e42fe290
Event: 1.734 Thread 0x0000017e0fc5dca0 DEOPT UNPACKING pc=0x0000017e1a3d78e2 sp=0x00000016e42fd708 mode 0
Event: 1.735 Thread 0x0000017e0fc5dca0 DEOPT PACKING pc=0x0000017e12fb3931 sp=0x00000016e42fe290
Event: 1.735 Thread 0x0000017e0fc5dca0 DEOPT UNPACKING pc=0x0000017e1a3d78e2 sp=0x00000016e42fd708 mode 0
Event: 1.735 Thread 0x0000017e0fc5dca0 DEOPT PACKING pc=0x0000017e12fb3931 sp=0x00000016e42fe290
Event: 1.735 Thread 0x0000017e0fc5dca0 DEOPT UNPACKING pc=0x0000017e1a3d78e2 sp=0x00000016e42fd708 mode 0
Event: 1.736 Thread 0x0000017e0fc5dca0 DEOPT PACKING pc=0x0000017e12fb3931 sp=0x00000016e42fe290
Event: 1.736 Thread 0x0000017e0fc5dca0 DEOPT UNPACKING pc=0x0000017e1a3d78e2 sp=0x00000016e42fd708 mode 0
Event: 1.749 Thread 0x0000017e0fc5dca0 Uncommon trap: trap_request=0xffffff45 fr.pc=0x0000017e1a975258 relative=0x00000000000000b8
Event: 1.749 Thread 0x0000017e0fc5dca0 Uncommon trap: reason=unstable_if action=reinterpret pc=0x0000017e1a975258 method=java.lang.invoke.VarHandle.checkAccessModeThenIsDirect(Ljava/lang/invoke/VarHandle$AccessDescriptor;)Z @ 4 c2
Event: 1.749 Thread 0x0000017e0fc5dca0 DEOPT PACKING pc=0x0000017e1a975258 sp=0x00000016e42fde10
Event: 1.749 Thread 0x0000017e0fc5dca0 DEOPT UNPACKING pc=0x0000017e1a3d6da2 sp=0x00000016e42fddc0 mode 2

Classes loaded (20 events):
Event: 1.748 Loading class jdk/internal/logger/LazyLoggers$LazyLoggerAccessor
Event: 1.748 Loading class jdk/internal/logger/LazyLoggers$LoggerAccessor
Event: 1.749 Loading class jdk/internal/logger/LazyLoggers$LoggerAccessor done
Event: 1.749 Loading class jdk/internal/logger/LazyLoggers$LazyLoggerAccessor done
Event: 1.749 Loading class jdk/internal/logger/SurrogateLogger
Event: 1.752 Loading class jdk/internal/logger/SimpleConsoleLogger
Event: 1.752 Loading class sun/util/logging/PlatformLogger$ConfigurableBridge$LoggerConfiguration
Event: 1.752 Loading class sun/util/logging/PlatformLogger$ConfigurableBridge$LoggerConfiguration done
Event: 1.752 Loading class jdk/internal/logger/SimpleConsoleLogger done
Event: 1.752 Loading class jdk/internal/logger/SurrogateLogger done
Event: 1.753 Loading class sun/util/logging/PlatformLogger
Event: 1.758 Loading class sun/util/logging/PlatformLogger done
Event: 1.758 Loading class sun/util/logging/PlatformLogger$Level
Event: 1.758 Loading class sun/util/logging/PlatformLogger$Level done
Event: 1.771 Loading class java/io/BufferedReader
Event: 1.771 Loading class java/io/BufferedReader done
Event: 1.772 Loading class sun/nio/cs/StreamDecoder
Event: 1.774 Loading class sun/nio/cs/StreamDecoder done
Event: 1.775 Loading class sun/nio/cs/UTF_8$Decoder
Event: 1.775 Loading class sun/nio/cs/UTF_8$Decoder done

Classes unloaded (0 events):
No events

Classes redefined (0 events):
No events

Internal exceptions (20 events):
Event: 0.302 Thread 0x0000017e0fc5dca0 Exception <a 'java/lang/NoSuchMethodError'{0x00000000eae93228}: 'java.lang.Object java.lang.invoke.Invokers$Holder.invokeExact_MT(java.lang.Object, java.lang.Object, java.lang.Object, java.lang.Object, java.lang.Object)'> (0x00000000eae93228) 
thrown [s\src\hotspot\share\interpreter\linkResolver.cpp, line 773]
Event: 0.400 Thread 0x0000017e0fc5dca0 Exception <a 'java/lang/NoSuchMethodError'{0x00000000eaf4bd30}: 'int java.lang.invoke.DirectMethodHandle$Holder.invokeSpecial(java.lang.Object, java.lang.Object, java.lang.Object, int)'> (0x00000000eaf4bd30) 
thrown [s\src\hotspot\share\interpreter\linkResolver.cpp, line 773]
Event: 0.411 Thread 0x0000017e0fc5dca0 Exception <a 'java/lang/NoSuchMethodError'{0x00000000eaf5e718}: 'java.lang.Object java.lang.invoke.DirectMethodHandle$Holder.invokeStatic(java.lang.Object, java.lang.Object, java.lang.Object, java.lang.Object, int)'> (0x00000000eaf5e718) 
thrown [s\src\hotspot\share\interpreter\linkResolver.cpp, line 773]
Event: 0.415 Thread 0x0000017e0fc5dca0 Exception <a 'java/lang/NoSuchMethodError'{0x00000000eaf69b58}: 'void java.lang.invoke.DelegatingMethodHandle$Holder.reinvoke_L(java.lang.Object, java.lang.Object, java.lang.Object, int, java.lang.Object)'> (0x00000000eaf69b58) 
thrown [s\src\hotspot\share\interpreter\linkResolver.cpp, line 773]
Event: 0.419 Thread 0x0000017e0fc5dca0 Exception <a 'java/lang/NoSuchMethodError'{0x00000000eaf7a650}: 'int java.lang.invoke.DirectMethodHandle$Holder.invokeSpecial(java.lang.Object, java.lang.Object, java.lang.Object)'> (0x00000000eaf7a650) 
thrown [s\src\hotspot\share\interpreter\linkResolver.cpp, line 773]
Event: 0.442 Thread 0x0000017e0fc5dca0 Exception <a 'java/lang/NoSuchMethodError'{0x00000000eaf86310}: 'java.lang.Object java.lang.invoke.DirectMethodHandle$Holder.invokeStatic(java.lang.Object, java.lang.Object, int)'> (0x00000000eaf86310) 
thrown [s\src\hotspot\share\interpreter\linkResolver.cpp, line 773]
Event: 0.446 Thread 0x0000017e0fc5dca0 Exception <a 'java/lang/NoSuchMethodError'{0x00000000eaf8ac60}: 'void java.lang.invoke.DirectMethodHandle$Holder.invokeStatic(java.lang.Object, java.lang.Object, int, java.lang.Object)'> (0x00000000eaf8ac60) 
thrown [s\src\hotspot\share\interpreter\linkResolver.cpp, line 773]
Event: 0.447 Thread 0x0000017e0fc5dca0 Exception <a 'java/lang/NoSuchMethodError'{0x00000000eaf8e7f0}: 'void java.lang.invoke.DirectMethodHandle$Holder.invokeSpecial(java.lang.Object, java.lang.Object, java.lang.Object, int, java.lang.Object)'> (0x00000000eaf8e7f0) 
thrown [s\src\hotspot\share\interpreter\linkResolver.cpp, line 773]
Event: 0.448 Thread 0x0000017e0fc5dca0 Exception <a 'java/lang/NoSuchMethodError'{0x00000000eaf91f00}: 'void java.lang.invoke.DelegatingMethodHandle$Holder.delegate(java.lang.Object, java.lang.Object, int, java.lang.Object)'> (0x00000000eaf91f00) 
thrown [s\src\hotspot\share\interpreter\linkResolver.cpp, line 773]
Event: 0.609 Thread 0x0000017e0fc5dca0 Exception <a 'java/lang/NoSuchMethodError'{0x00000000eb14ed78}: 'void java.lang.invoke.DelegatingMethodHandle$Holder.reinvoke_L(java.lang.Object, java.lang.Object, java.lang.Object, int)'> (0x00000000eb14ed78) 
thrown [s\src\hotspot\share\interpreter\linkResolver.cpp, line 773]
Event: 1.034 Thread 0x0000017e0fc5dca0 Exception <a 'java/lang/NoSuchMethodError'{0x00000000eb5d6a58}: 'void java.lang.invoke.DirectMethodHandle$Holder.invokeVirtual(java.lang.Object, java.lang.Object)'> (0x00000000eb5d6a58) 
thrown [s\src\hotspot\share\interpreter\linkResolver.cpp, line 773]
Event: 1.259 Thread 0x0000017e0fc5dca0 Exception <a 'java/lang/ClassNotFoundException'{0x00000000eb9d2178}: sun/net/www/protocol/c/Handler> (0x00000000eb9d2178) 
thrown [s\src\hotspot\share\classfile\systemDictionary.cpp, line 312]
Event: 1.293 Thread 0x0000017e0fc5dca0 Exception <a 'java/io/FileNotFoundException'{0x00000000eb9e74b0}> (0x00000000eb9e74b0) 
thrown [s\src\hotspot\share\prims\jni.cpp, line 520]
Event: 1.294 Thread 0x0000017e0fc5dca0 Exception <a 'java/io/FileNotFoundException'{0x00000000eb9ec3a8}> (0x00000000eb9ec3a8) 
thrown [s\src\hotspot\share\prims\jni.cpp, line 520]
Event: 1.294 Thread 0x0000017e0fc5dca0 Exception <a 'java/io/FileNotFoundException'{0x00000000eb9ed028}> (0x00000000eb9ed028) 
thrown [s\src\hotspot\share\prims\jni.cpp, line 520]
Event: 1.295 Thread 0x0000017e0fc5dca0 Exception <a 'java/io/FileNotFoundException'{0x00000000eb9edb88}> (0x00000000eb9edb88) 
thrown [s\src\hotspot\share\prims\jni.cpp, line 520]
Event: 1.300 Thread 0x0000017e0fc5dca0 Implicit null exception at 0x0000017e1a9508a4 to 0x0000017e1a950ea4
Event: 1.300 Thread 0x0000017e0fc5dca0 Implicit null exception at 0x0000017e1a952220 to 0x0000017e1a952818
Event: 1.307 Thread 0x0000017e0fc5dca0 Exception <a 'java/io/FileNotFoundException'{0x00000000eba27fa8}> (0x00000000eba27fa8) 
thrown [s\src\hotspot\share\prims\jni.cpp, line 520]
Event: 1.680 Thread 0x0000017e0fc5dca0 Exception <a 'java/lang/NoSuchMethodError'{0x00000000ebeb8488}: 'java.lang.ClassLoader java.lang.ClassLoader.getPlatformClassLoader(java.lang.Class)'> (0x00000000ebeb8488) 
thrown [s\src\hotspot\share\interpreter\linkResolver.cpp, line 773]

ZGC Phase Switch (0 events):
No events

VM Operations (8 events):
Event: 0.221 Executing VM operation: HandshakeAllThreads (Deoptimize)
Event: 0.221 Executing VM operation: HandshakeAllThreads (Deoptimize) done
Event: 0.339 Executing VM operation: HandshakeAllThreads (Deoptimize)
Event: 0.339 Executing VM operation: HandshakeAllThreads (Deoptimize) done
Event: 1.247 Executing VM operation: HandshakeAllThreads (Deoptimize)
Event: 1.247 Executing VM operation: HandshakeAllThreads (Deoptimize) done
Event: 1.247 Executing VM operation: Cleanup
Event: 1.247 Executing VM operation: Cleanup done

Memory protections (0 events):
No events

Nmethod flushes (0 events):
No events

Events (11 events):
Event: 0.128 Thread 0x0000017e0fc5dca0 Thread added: 0x0000017e0fc5dca0
Event: 0.153 Thread 0x0000017e0fc5dca0 Thread added: 0x0000017e651bfb60
Event: 0.153 Thread 0x0000017e0fc5dca0 Thread added: 0x0000017e651c1360
Event: 0.154 Thread 0x0000017e0fc5dca0 Thread added: 0x0000017e651c63f0
Event: 0.154 Thread 0x0000017e0fc5dca0 Thread added: 0x0000017e651c7300
Event: 0.154 Thread 0x0000017e0fc5dca0 Thread added: 0x0000017e651c8210
Event: 0.154 Thread 0x0000017e0fc5dca0 Thread added: 0x0000017e651cc080
Event: 0.154 Thread 0x0000017e0fc5dca0 Thread added: 0x0000017e651cf2d0
Event: 0.155 Thread 0x0000017e0fc5dca0 Thread added: 0x0000017e651f5e90
Event: 0.192 Thread 0x0000017e0fc5dca0 Thread added: 0x0000017e66b2f510
Event: 0.795 Thread 0x0000017e0fc5dca0 Thread added: 0x0000017e66d7b9f0


Dynamic libraries:
0x00007ff6d3640000 - 0x00007ff6d364e000 	c:\Users\Jhoanne\.vscode\extensions\redhat.java-1.41.1-win32-x64\jre\21.0.6-win32-x86_64\bin\java.exe
0x00007ffa0aeb0000 - 0x00007ffa0b0c7000 	C:\WINDOWS\SYSTEM32\ntdll.dll
0x00007ffa09e90000 - 0x00007ffa09f54000 	C:\WINDOWS\System32\KERNEL32.DLL
0x00007ffa08300000 - 0x00007ffa086d3000 	C:\WINDOWS\System32\KERNELBASE.dll
0x00007ffa081b0000 - 0x00007ffa082c1000 	C:\WINDOWS\System32\ucrtbase.dll
0x00007ff9f5720000 - 0x00007ff9f5738000 	c:\Users\Jhoanne\.vscode\extensions\redhat.java-1.41.1-win32-x64\jre\21.0.6-win32-x86_64\bin\jli.dll
0x00007ffa09c80000 - 0x00007ffa09e31000 	C:\WINDOWS\System32\USER32.dll
0x00007ffa082d0000 - 0x00007ffa082f6000 	C:\WINDOWS\System32\win32u.dll
0x00007ffa08e90000 - 0x00007ffa08eb9000 	C:\WINDOWS\System32\GDI32.dll
0x00007ffa08a30000 - 0x00007ffa08b4b000 	C:\WINDOWS\System32\gdi32full.dll
0x00007ffa08990000 - 0x00007ffa08a2a000 	C:\WINDOWS\System32\msvcp_win.dll
0x00007ff9f5700000 - 0x00007ff9f571e000 	c:\Users\Jhoanne\.vscode\extensions\redhat.java-1.41.1-win32-x64\jre\21.0.6-win32-x86_64\bin\VCRUNTIME140.dll
0x00007ffa072f0000 - 0x00007ffa07588000 	C:\WINDOWS\WinSxS\amd64_microsoft.windows.common-controls_6595b64144ccf1df_6.0.22621.5124_none_270e8f4f7386d69d\COMCTL32.dll
0x00007ffa08de0000 - 0x00007ffa08e87000 	C:\WINDOWS\System32\msvcrt.dll
0x00007ffa091a0000 - 0x00007ffa091d1000 	C:\WINDOWS\System32\IMM32.DLL
0x00007ff9f2ce0000 - 0x00007ff9f2cec000 	c:\Users\Jhoanne\.vscode\extensions\redhat.java-1.41.1-win32-x64\jre\21.0.6-win32-x86_64\bin\vcruntime140_1.dll
0x00007ff9caf50000 - 0x00007ff9cafdd000 	c:\Users\Jhoanne\.vscode\extensions\redhat.java-1.41.1-win32-x64\jre\21.0.6-win32-x86_64\bin\msvcp140.dll
0x00007ff959db0000 - 0x00007ff95ab40000 	c:\Users\Jhoanne\.vscode\extensions\redhat.java-1.41.1-win32-x64\jre\21.0.6-win32-x86_64\bin\server\jvm.dll
0x00007ffa08be0000 - 0x00007ffa08c91000 	C:\WINDOWS\System32\ADVAPI32.dll
0x00007ffa0a150000 - 0x00007ffa0a1f8000 	C:\WINDOWS\System32\sechost.dll
0x00007ffa08960000 - 0x00007ffa08988000 	C:\WINDOWS\System32\bcrypt.dll
0x00007ffa09080000 - 0x00007ffa09194000 	C:\WINDOWS\System32\RPCRT4.dll
0x00007ffa09c00000 - 0x00007ffa09c71000 	C:\WINDOWS\System32\WS2_32.dll
0x00007ff9ffae0000 - 0x00007ff9ffaea000 	C:\WINDOWS\SYSTEM32\VERSION.dll
0x00007ffa048b0000 - 0x00007ffa048e4000 	C:\WINDOWS\SYSTEM32\WINMM.dll
0x00007ffa078e0000 - 0x00007ffa0792d000 	C:\WINDOWS\SYSTEM32\POWRPROF.dll
0x00007ffa07780000 - 0x00007ffa07793000 	C:\WINDOWS\SYSTEM32\UMPDC.dll
0x00007ffa06790000 - 0x00007ffa067a8000 	C:\WINDOWS\SYSTEM32\kernel.appcore.dll
0x00007ff9f0db0000 - 0x00007ff9f0dba000 	c:\Users\Jhoanne\.vscode\extensions\redhat.java-1.41.1-win32-x64\jre\21.0.6-win32-x86_64\bin\jimage.dll
0x00007ffa07a40000 - 0x00007ffa07c72000 	C:\WINDOWS\SYSTEM32\DBGHELP.DLL
0x00007ffa0aac0000 - 0x00007ffa0ae52000 	C:\WINDOWS\System32\combase.dll
0x00007ffa0a9c0000 - 0x00007ffa0aa97000 	C:\WINDOWS\System32\OLEAUT32.dll
0x00007ffa077a0000 - 0x00007ffa077d2000 	C:\WINDOWS\SYSTEM32\dbgcore.DLL
0x00007ffa08820000 - 0x00007ffa0889b000 	C:\WINDOWS\System32\bcryptPrimitives.dll
0x00007ff9f0600000 - 0x00007ff9f060f000 	c:\Users\Jhoanne\.vscode\extensions\redhat.java-1.41.1-win32-x64\jre\21.0.6-win32-x86_64\bin\instrument.dll
0x00007ff9caf30000 - 0x00007ff9caf4f000 	c:\Users\Jhoanne\.vscode\extensions\redhat.java-1.41.1-win32-x64\jre\21.0.6-win32-x86_64\bin\java.dll
0x00007ffa092b0000 - 0x00007ffa09b46000 	C:\WINDOWS\System32\SHELL32.dll
0x00007ffa086e0000 - 0x00007ffa0881f000 	C:\WINDOWS\System32\wintypes.dll
0x00007ffa05490000 - 0x00007ffa05daa000 	C:\WINDOWS\SYSTEM32\windows.storage.dll
0x00007ffa0a200000 - 0x00007ffa0a30a000 	C:\WINDOWS\System32\SHCORE.dll
0x00007ffa0a950000 - 0x00007ffa0a9b3000 	C:\WINDOWS\System32\shlwapi.dll
0x00007ffa07ef0000 - 0x00007ffa07f1b000 	C:\WINDOWS\SYSTEM32\profapi.dll
0x00007ff9b3ac0000 - 0x00007ff9b3ad8000 	c:\Users\Jhoanne\.vscode\extensions\redhat.java-1.41.1-win32-x64\jre\21.0.6-win32-x86_64\bin\zip.dll
0x00007ff9f04a0000 - 0x00007ff9f04b0000 	C:\Users\Jhoanne\.vscode\extensions\redhat.java-1.41.1-win32-x64\jre\21.0.6-win32-x86_64\bin\net.dll
0x00007ffa02510000 - 0x00007ffa0263c000 	C:\WINDOWS\SYSTEM32\WINHTTP.dll
0x00007ffa06bd0000 - 0x00007ffa06c3a000 	C:\WINDOWS\system32\mswsock.dll
0x00007ff9b3aa0000 - 0x00007ff9b3ab6000 	C:\Users\Jhoanne\.vscode\extensions\redhat.java-1.41.1-win32-x64\jre\21.0.6-win32-x86_64\bin\nio.dll
0x00007ff9eec10000 - 0x00007ff9eec20000 	c:\Users\Jhoanne\.vscode\extensions\redhat.java-1.41.1-win32-x64\jre\21.0.6-win32-x86_64\bin\verify.dll

dbghelp: loaded successfully - version: 4.0.5 - missing functions: none
symbol engine: initialized successfully - sym options: 0x614 - pdb path: .;c:\Users\Jhoanne\.vscode\extensions\redhat.java-1.41.1-win32-x64\jre\21.0.6-win32-x86_64\bin;C:\WINDOWS\SYSTEM32;C:\WINDOWS\WinSxS\amd64_microsoft.windows.common-controls_6595b64144ccf1df_6.0.22621.5124_none_270e8f4f7386d69d;c:\Users\Jhoanne\.vscode\extensions\redhat.java-1.41.1-win32-x64\jre\21.0.6-win32-x86_64\bin\server

VM Arguments:
jvm_args: --add-modules=ALL-SYSTEM --add-opens=java.base/java.util=ALL-UNNAMED --add-opens=java.base/java.lang=ALL-UNNAMED --add-opens=java.base/sun.nio.fs=ALL-UNNAMED -Declipse.application=org.eclipse.jdt.ls.core.id1 -Dosgi.bundles.defaultStartLevel=4 -Declipse.product=org.eclipse.jdt.ls.core.product -Djava.import.generatesMetadataFilesAtProjectRoot=false -DDetectVMInstallationsJob.disabled=true -Dfile.encoding=utf8 -XX:+UseParallelGC -XX:GCTimeRatio=4 -XX:AdaptiveSizePolicyWeight=90 -Dsun.zip.disableMemoryMapping=true -Xmx1G -Xms100m -Xlog:disable -javaagent:c:\Users\Jhoanne\.vscode\extensions\redhat.java-1.41.1-win32-x64\lombok\lombok-1.18.36.jar 
java_command: c:\Users\Jhoanne\.vscode\extensions\redhat.java-1.41.1-win32-x64\server\plugins\org.eclipse.equinox.launcher_1.7.0.v20250331-1702.jar -configuration c:\Users\Jhoanne\AppData\Roaming\Code\User\globalStorage\redhat.java\1.41.1\config_ss_win -data c:\Users\Jhoanne\AppData\Roaming\Code\User\workspaceStorage\130d2053282fd5c95d8f30e3e6379bdb\redhat.java\ss_ws --pipe=\\.\pipe\lsp-ed0d70860d4c53f152f2768185b7063b-sock
java_class_path (initial): c:\Users\Jhoanne\.vscode\extensions\redhat.java-1.41.1-win32-x64\server\plugins\org.eclipse.equinox.launcher_1.7.0.v20250331-1702.jar
Launcher Type: SUN_STANDARD

[Global flags]
    uintx AdaptiveSizePolicyWeight                 = 90                                        {product} {command line}
     intx CICompilerCount                          = 4                                         {product} {ergonomic}
    uintx GCTimeRatio                              = 4                                         {product} {command line}
   size_t InitialHeapSize                          = 104857600                                 {product} {command line}
   size_t MaxHeapSize                              = 1073741824                                {product} {command line}
   size_t MaxNewSize                               = 357564416                                 {product} {ergonomic}
   size_t MinHeapDeltaBytes                        = 524288                                    {product} {ergonomic}
   size_t MinHeapSize                              = 104857600                                 {product} {command line}
   size_t NewSize                                  = 34603008                                  {product} {ergonomic}
    uintx NonNMethodCodeHeapSize                   = 5839372                                {pd product} {ergonomic}
    uintx NonProfiledCodeHeapSize                  = 122909434                              {pd product} {ergonomic}
   size_t OldSize                                  = 70254592                                  {product} {ergonomic}
    uintx ProfiledCodeHeapSize                     = 122909434                              {pd product} {ergonomic}
    uintx ReservedCodeCacheSize                    = 251658240                              {pd product} {ergonomic}
     bool SegmentedCodeCache                       = true                                      {product} {ergonomic}
   size_t SoftMaxHeapSize                          = 1073741824                             {manageable} {ergonomic}
     bool UseCompressedOops                        = true                           {product lp64_product} {ergonomic}
     bool UseLargePagesIndividualAllocation        = false                                  {pd product} {ergonomic}
     bool UseParallelGC                            = true                                      {product} {command line}

Logging:
Log output configuration:
 #0: stdout all=off uptime,level,tags foldmultilines=false
 #1: stderr all=off uptime,level,tags foldmultilines=false

Environment Variables:
PATH=C:\Program Files\Common Files\Oracle\Java\javapath;C:\Python310\Scripts\;C:\Python310\;C:\Windows\System32\HWAudioDriverLibs;C:\Windows\system32;C:\Windows;C:\Windows\System32\Wbem;C:\Windows\System32\WindowsPowerShell\v1.0\;C:\Windows\System32\OpenSSH\;C:\Users\Administrator\AppData\Local\Microsoft\WindowsApps;C:\MinGW\bin;C:\WINDOWS\system32;C:\WINDOWS;C:\WINDOWS\System32\Wbem;C:\WINDOWS\System32\WindowsPowerShell\v1.0\;C:\WINDOWS\System32\OpenSSH\;C:\Program Files\dotnet\;C:\Program Files\Microsoft SQL Server\150\Tools\Binn\;C:\Program Files\Microsoft SQL Server\Client SDK\ODBC\170\Tools\Binn\;C:\Program Files (x86)\Microsoft SQL Server\160\Tools\Binn\;C:\Program Files\Microsoft SQL Server\160\Tools\Binn\;C:\Program Files\Microsoft SQL Server\160\DTS\Binn\;C:\Program Files (x86)\Microsoft SQL Server\160\DTS\Binn\;D:\Node js\;C:\ProgramData\chocolatey\bin;D:\Git\cmd;C:\Users\Jhoanne\AppData\Local\Microsoft\WindowsApps;C:\Users\Jhoanne\AppData\Local\Programs\Microsoft VS Code\bin;C:\Program Files\JetBrains\PyCharm Community Edition 2022.2.1\bin;;C:\Program Files\JetBrains\IntelliJ IDEA Community Edition 2022.3.2\bin;;C:\Users\Jhoanne\.dotnet\tools;C:\Users\Jhoanne\AppData\Local\GitHubDesktop\bin;C:\Users\Jhoanne\AppData\Roaming\npm;C:\Users\Jhoanne\AppData\Local\Microsoft\WinGet\Packages\Schniz.fnm_Microsoft.Winget.Source_8wekyb3d8bbwe;
USERNAME=Jhoanne
OS=Windows_NT
PROCESSOR_IDENTIFIER=Intel64 Family 6 Model 140 Stepping 1, GenuineIntel
TMP=C:\Users\Jhoanne\AppData\Local\Temp
TEMP=C:\Users\Jhoanne\AppData\Local\Temp




Periodic native trim disabled

---------------  S Y S T E M  ---------------

OS:
 Windows 11 , 64 bit Build 22621 (10.0.22621.5124)
OS uptime: 17 days 21:11 hours

CPU: total 8 (initial active 8) (4 cores per cpu, 2 threads per core) family 6 model 140 stepping 1 microcode 0x8a, cx8, cmov, fxsr, ht, mmx, 3dnowpref, sse, sse2, sse3, ssse3, sse4.1, sse4.2, popcnt, lzcnt, tsc, tscinvbit, avx, avx2, aes, erms, clmul, bmi1, bmi2, adx, avx512f, avx512dq, avx512cd, avx512bw, avx512vl, sha, fma, vzeroupper, avx512_vpopcntdq, avx512_vpclmulqdq, avx512_vaes, avx512_vnni, clflush, clflushopt, clwb, avx512_vbmi2, avx512_vbmi, rdtscp, rdpid, fsrm, gfni, avx512_bitalg, f16c, pku, cet_ibt, cet_ss, avx512_ifma
Processor Information for the first 8 processors :
  Max Mhz: 2419, Current Mhz: 2419, Mhz Limit: 2419

Memory: 4k page, system-wide physical 7991M (39M free)
TotalPageFile size 32567M (AvailPageFile size 2M)
current process WorkingSet (physical memory assigned to process): 71M, peak: 71M
current process commit charge ("private bytes"): 198M, peak: 198M

vm_info: OpenJDK 64-Bit Server VM (21.0.6+7-LTS) for windows-amd64 JRE (21.0.6+7-LTS), built on 2025-01-21T00:00:00Z by "admin" with MS VC++ 17.7 (VS2022)

END.
